Live Base Allegiance Positions: Global Coordinates
name,label,region,iconType,team,global_x,global_y
Abandoned Ward,Abandoned Ward,DeadLandsHex,58,COLONIALS,5812.628607,3093.633824
Acies Overlook,Acies Overlook,StemaLandingHex,45,WARDENS,2859.351130,3765.745959
Adripio,Adripio,WrestaHex,58,COLONIALS,9111.270351,4077.794476
Aegocerus Fortress,Aegocerus Fortress,PipersEnclaveHex,45,COLONIALS,10651.787775,4231.395015
Aetherwood,Aetherwood,LykosIsleHex,57,COLONIALS,9859.699543,2923.986083
Alchimio Estate,Alchimio Estate,StemaLandingHex,58,WARDENS,2703.208671,4257.422380
Allsight,Allsight,MorgensCrossingHex,58,WARDENS,8270.075285,1488.551088
Amethyst,Amethyst,UmbralWildwoodHex,58,COLONIALS,6186.961740,3907.074884
Arcadia,Arcadia,FishermansRowHex,58,WARDENS,2714.186117,3296.346615
Argan Isle,Argan Isle,WrestaHex,45,COLONIALS,8741.311220,3992.497251
Argosa,Argosa,GodcroftsHex,45,COLONIALS,9182.353019,2161.517044
Arise,Arise,OriginHex,45,COLONIALS,3535.789150,4370.332453
Ashtown,Ashtown,AshFieldsHex,58,COLONIALS,4365.136109,4927.437739
Astutia,Astutia,LykosIsleHex,45,COLONIALS,9937.301122,2434.271853
Atropos' Fate,Atropos' Fate,UmbralWildwoodHex,45,COLONIALS,5957.586551,4230.333996
Azmar,Azmar,TyrantFoothillsHex,58,COLONIALS,9584.554679,4735.582231
Baccae Ridge,Baccae Ridge,KalokaiHex,58,COLONIALS,5841.364967,5955.366509
Bandolier Base,Bandolier Base,TyrantFoothillsHex,45,COLONIALS,9485.543540,4434.605736
Barronhome,Barronhome,SableportHex,58,COLONIALS,4487.404311,4152.980335
Barronswall,Barronswall,HeartlandsHex,45,COLONIALS,5018.980413,4364.094988
Barrony Ranch,Barrony Ranch,HeartlandsHex,45,COLONIALS,5001.302065,4122.049355
Base Ferveret,Base Ferveret,StemaLandingHex,45,WARDENS,2949.994865,4113.262680
Base Sagitta,Base Sagitta,StemaLandingHex,45,WARDENS,3123.051098,4042.713569
Basinhome,Basinhome,BasinSionnachHex,45,WARDENS,5749.353851,678.428959
Bastard's Block,Bastard's Block,MorgensCrossingHex,45,WARDENS,8295.956644,1647.188316
Beholder's Span,Beholder's Span,OnyxHex,45,COLONIALS,9029.167561,4719.194659
Belaying Trace,Belaying Trace,AllodsBightHex,45,COLONIALS,7185.000173,4049.968459
Bewailing Fort,Bewailing Fort,ClahstraHex,45,WARDENS,7128.811564,3087.618580
Black Well,Black Well,FishermansRowHex,58,WARDENS,2711.584243,2948.668267
Blackcoat Way,Blackcoat Way,NevishLineHex,58,WARDENS,3438.481735,1935.449106
Blackthroat,Blackthroat,ViperPitHex,58,WARDENS,6547.137032,2044.570641
Blackwatch,Blackwatch,TempestIslandHex,45,WARDENS,9289.572180,3034.927356
Blinding Stones,Blinding Stones,NevishLineHex,45,WARDENS,3481.639664,1536.562757
Bloody Palm Fort,Bloody Palm Fort,TerminusHex,45,COLONIALS,7719.511702,4907.077813
Bootnap,Bootnap,DrownedValeHex,58,COLONIALS,6944.862199,3599.528935
Borderlane,Borderlane,MooringCountyHex,45,WARDENS,5254.843961,1427.690673
Brackish Point,Brackish Point,EndlessShoreHex,58,WARDENS,8036.250662,3278.790987
Breaker Town,Breaker Town,StlicanShelfHex,58,WARDENS,8058.473010,2612.521520
Breakwater,Breakwater,ReaversPassHex,58,COLONIALS,8406.058758,4444.264335
Briar,Briar,StlicanShelfHex,45,WARDENS,8030.787549,2430.798490
Brine Glen,Brine Glen,DeadLandsHex,58,COLONIALS,6100.202672,3280.732246
Brodytown,Brodytown,ReachingTrailHex,58,WARDENS,5839.135818,1188.811829
Buckler Sound,Buckler Sound,StonecradleHex,58,WARDENS,4363.772891,2231.090828
Callahan's Boot,Callahan's Boot,DeadLandsHex,58,COLONIALS,5932.923895,3107.106360
Callahan's Gate,Callahan's Gate,DeadLandsHex,58,COLONIALS,5996.975924,2805.435711
Callum's Descent,Callum's Descent,MorgensCrossingHex,45,WARDENS,8042.002267,2005.188815
Callum's Keep,Callum's Keep,CallumsCapeHex,58,WARDENS,4256.232387,1115.500184
Camp Hollow,Camp Hollow,CallumsCapeHex,45,WARDENS,4589.944207,1155.156247
Camp Omega,Camp Omega,AshFieldsHex,45,COLONIALS,4547.188302,4578.612542
Camp Omicron,Camp Omicron,AcrithiaHex,45,COLONIALS,6857.011581,5020.019021
Camp Senti,Camp Senti,GreatMarchHex,45,COLONIALS,5766.385367,4770.522933
Camp Surista,Camp Surista,PariPeakHex,45,WARDENS,2101.442879,2012.812522
Camp Tau,Camp Tau,KalokaiHex,45,COLONIALS,6064.424320,5850.021886
Camp Upsilon,Camp Upsilon,RedRiverHex,45,COLONIALS,4899.146094,5141.050141
Cannonsmoke,Cannonsmoke,RedRiverHex,58,COLONIALS,5065.183436,5446.517425
Cerberus Wake,Cerberus Wake,TerminusHex,45,COLONIALS,7199.522308,5072.655916
Checkpoint Bua,Checkpoint Bua,MarbanHollow,45,WARDENS,6784.980983,2588.177575
Cinderwick,Cinderwick,SableportHex,58,COLONIALS,4322.728764,3823.303855
Cisterna Run,Cisterna Run,OnyxHex,45,COLONIALS,9186.718994,4728.384103
Clay Coffer,Clay Coffer,ReaversPassHex,45,COLONIALS,8342.549189,4683.754558
Climb,Climb,RedRiverHex,45,COLONIALS,5319.177945,5035.981618
Clotho's Refuge,Clotho's Refuge,UmbralWildwoodHex,45,COLONIALS,5998.166364,3851.713533
Coaldrifter Stead,Coaldrifter Stead,DrownedValeHex,58,COLONIALS,6781.682987,3802.892795
Cometa,Cometa,AshFieldsHex,45,COLONIALS,4144.086741,4660.524677
Cragstown,Cragstown,CallahansPassageHex,58,WARDENS,5920.305996,1931.577174
Crow's Nest,Crow's Nest,WeatheredExpanseHex,58,WARDENS,7209.004833,2239.818028
Crumbling Post,Crumbling Post,CallahansPassageHex,58,COLONIALS,5757.793079,2428.083307
Cuttail Station,Cuttail Station,BasinSionnachHex,58,WARDENS,5998.305660,297.153589
Cyrus,Cyrus,LykosIsleHex,58,COLONIALS,9518.966551,2674.584746
Dankana Post,Dankana Post,FishermansRowHex,45,WARDENS,2613.096034,3193.823854
Deeplaw Post,Deeplaw Post,HeartlandsHex,58,COLONIALS,4877.057992,4385.927991
Den of Knaves,Den of Knaves,KingsCageHex,45,WARDENS,4553.800978,2960.893444
Dendró Field,Dendró Field,GreatMarchHex,45,COLONIALS,6143.318753,4853.418834
Dexam,Dexam,OnyxHex,58,COLONIALS,9030.261268,5141.616114
Dormio,Dormio,OriginHex,45,COLONIALS,3875.935867,4514.080626
Dryfeld,Dryfeld,PalantineBermHex,45,WARDENS,1843.018616,2562.675392
Duelist's Scarp,Duelist's Scarp,TyrantFoothillsHex,45,COLONIALS,9626.164826,4206.408253
Dwyerstown,Dwyerstown,ReachingTrailHex,58,WARDENS,5560.253609,1220.557490
Earl Crowley,Earl Crowley,ViperPitHex,58,WARDENS,6954.344536,1786.809328
East Narthex,East Narthex,ClahstraHex,58,WARDENS,7610.522476,3299.453759
Eastknife,Eastknife,KingsCageHex,45,WARDENS,4529.263563,3147.842894
Eastmarch,Eastmarch,DrownedValeHex,45,COLONIALS,6405.069465,3565.666107
Eidolo,Eidolo,FishermansRowHex,58,WARDENS,2781.631226,3129.859971
Electi,Electi,AshFieldsHex,58,COLONIALS,4316.275007,4584.880226
Elksford,Elksford,ReachingTrailHex,58,WARDENS,5726.573217,1328.935599
Enduring Wake,Enduring Wake,EndlessShoreHex,56,COLONIALS,7915.751432,3646.672348
Erebus Islet,Erebus Islet,LykosIsleHex,45,COLONIALS,9764.218482,2742.097781
Eversus,Eversus,MorgensCrossingHex,45,WARDENS,8059.573906,1465.641626
Exile,Exile,GodcroftsHex,45,WARDENS,8903.154290,2410.073865
Faden Point,Faden Point,KuuraStrandHex,58,WARDENS,2687.501955,1088.342203
Fading Lights,Fading Lights,StonecradleHex,58,WARDENS,4570.905816,2374.984665
Fallen Crown,Fallen Crown,ClansheadValleyHex,45,WARDENS,7223.154912,1281.721161
Feirmor,Feirmor,LochMorHex,58,COLONIALS,5106.831135,3488.701972
Finis,Finis,OriginHex,58,COLONIALS,3414.286219,4473.368372
Firstmarch,Firstmarch,ShackledChasmHex,45,COLONIALS,6977.849668,4349.107931
Fleck Crossing,Fleck Crossing,ViperPitHex,45,WARDENS,6687.138288,1809.902043
Fleecewatch,Fleecewatch,GodcroftsHex,45,WARDENS,8861.692445,1917.721532
Fort Barley,Fort Barley,TheFingersHex,45,COLONIALS,9682.250183,3442.926445
Fort Blather,Fort Blather,SpeakingWoodsHex,45,WARDENS,5349.620318,1135.816891
Fort Duncan,Fort Duncan,LinnMercyHex,45,COLONIALS,5347.996266,2880.403186
Fort Ealar,Fort Ealar,ClansheadValleyHex,45,WARDENS,7306.517424,1509.030624
Fort Ember,Fort Ember,FishermansRowHex,45,WARDENS,2915.824436,2965.171504
Fort Esterwild,Fort Esterwild,ClansheadValleyHex,45,WARDENS,7625.869976,1400.779340
Fort Fogwood,Fort Fogwood,OarbreakerHex,45,WARDENS,2319.012440,3503.613828
Fort Guile,Fort Guile,LykosIsleHex,45,COLONIALS,9815.211643,2389.286375
Fort Hoarfrost,Fort Hoarfrost,StlicanShelfHex,45,WARDENS,8294.447337,2723.789789
Fort Mac Conaill,Fort Mac Conaill,ReachingTrailHex,45,WARDENS,6080.568057,1618.139750
Fort Matchwood,Fort Matchwood,RedRiverHex,45,COLONIALS,5162.704204,5238.091183
Fort Providence,Fort Providence,HeartlandsHex,45,COLONIALS,5357.113660,4340.130954
Fort Red,Fort Red,HowlCountyHex,45,WARDENS,7004.272562,818.194885
Fort Rictus,Fort Rictus,ReaversPassHex,45,COLONIALS,8022.758691,4184.734353
Fort Rider,Fort Rider,HowlCountyHex,45,WARDENS,6509.343957,1178.691246
Fort Viper,Fort Viper,ViperPitHex,45,WARDENS,6510.133326,1857.080176
Fort Windham,Fort Windham,ClansheadValleyHex,45,WARDENS,7336.452788,1040.353090
Foxcatcher,Foxcatcher,WeatheredExpanseHex,58,WARDENS,7443.221635,2447.057807
Frostmarch,Frostmarch,WeatheredExpanseHex,45,WARDENS,7102.560891,2196.484109
Garion Slip,Garion Slip,WrestaHex,45,COLONIALS,8933.933749,4049.296918
Garland,Garland,OnyxHex,58,COLONIALS,8993.453204,4583.131899
Gibbet Fields,Gibbet Fields,KingsCageHex,58,COLONIALS,4516.309454,3261.401511
Gold,Gold,OarbreakerHex,45,WARDENS,1768.099195,3497.420765
Goldenroot Ranch,Goldenroot Ranch,UmbralWildwoodHex,45,COLONIALS,5564.030115,4038.502998
Gorgon Grove,Gorgon Grove,ShackledChasmHex,45,COLONIALS,6394.360625,4321.289135
Gravekeeper's Holdfast,Gravekeeper's Holdfast,MooringCountyHex,45,WARDENS,5041.816027,1924.623937
Great Warden Dam,Great Warden Dam,HowlCountyHex,58,WARDENS,6802.338656,769.919829
Greenfield Orchard,Greenfield Orchard,HeartlandsHex,58,COLONIALS,5338.608157,4198.120382
Grief Mother,Grief Mother,NevishLineHex,45,WARDENS,3769.703045,1901.746402
Grisly Refuge,Grisly Refuge,OarbreakerHex,45,WARDENS,1915.728407,3282.102967
Hallow,Hallow,KalokaiHex,58,COLONIALS,5871.392825,5731.800380
Hangman's Court,Hangman's Court,FishermansRowHex,45,WARDENS,3032.289604,3059.957556
Hardline,Hardline,LinnMercyHex,45,COLONIALS,4986.969872,2737.186929
Harpy,Harpy,ReachingTrailHex,45,WARDENS,5833.472899,1673.131778
Headsman's Villa,Headsman's Villa,TheFingersHex,58,COLONIALS,9435.756779,3506.397211
Headstone,Headstone,MooringCountyHex,58,WARDENS,5097.595218,1772.945043
Heir Apparent,Heir Apparent,AcrithiaHex,45,COLONIALS,6616.962353,4996.245052
Hermit's Rest,Hermit's Rest,UmbralWildwoodHex,58,COLONIALS,6050.871972,4091.696244
Holdfast,Holdfast,WestgateHex,45,WARDENS,3551.948272,3371.015910
Holdout,Holdout,CallumsCapeHex,58,WARDENS,4548.519301,1388.847892
Homesick,Homesick,AllodsBightHex,45,COLONIALS,7287.262533,3904.387821
House of Lyterius,House of Lyterius,PipersEnclaveHex,58,COLONIALS,10339.539891,3815.000715
Hungry Wolf,Hungry Wolf,HowlCountyHex,58,WARDENS,6350.003617,855.186638
Huntsfort,Huntsfort,WeatheredExpanseHex,45,WARDENS,7409.746546,2251.120825
Hush,Hush,SpeakingWoodsHex,45,WARDENS,5080.792298,661.742054
Huskhollow,Huskhollow,FarranacCoastHex,58,WARDENS,3664.988168,2718.962455
Ice Ranch,Ice Ranch,ReachingTrailHex,58,WARDENS,6079.539966,1239.898282
Ilmari Bridge,Ilmari Bridge,OlavisWakeHex,45,WARDENS,1428.126630,2141.737707
Iltaku,Iltaku,OlavisWakeHex,57,WARDENS,1529.997791,2285.135404
Inari Base,Inari Base,SpeakingWoodsHex,45,WARDENS,5346.330763,606.406502
Initium,Initium,OriginHex,58,COLONIALS,3691.853652,4305.994501
Integrum,Integrum,OarbreakerHex,58,WARDENS,1917.962013,3804.871913
Ire,Ire,CallumsCapeHex,45,WARDENS,4332.780287,1619.167976
Iron Junction,Iron Junction,EndlessShoreHex,58,COLONIALS,8058.612400,3803.290483
Iron's End,Iron's End,DeadLandsHex,45,COLONIALS,5853.146497,2917.350816
Isawa,Isawa,GodcroftsHex,58,WARDENS,9005.419090,1981.799577
Isle of Psyche,Isle of Psyche,TempestIslandHex,45,WARDENS,8607.024471,3123.722175
Itään,Itään,PariPeakHex,45,WARDENS,1960.590596,1971.994398
Judicium,Judicium,RedRiverHex,58,COLONIALS,5313.227768,5246.321156
Keelhaul,Keelhaul,ReaversPassHex,58,COLONIALS,8125.288885,4628.079281
Kingstone,Kingstone,WestgateHex,58,COLONIALS,3699.298562,3485.169200
Kirknell,Kirknell,ViperPitHex,58,WARDENS,6449.303409,1818.697924
Kohina Base,Kohina Base,PariPeakHex,45,WARDENS,2289.155673,1683.488512
Koskinla,Koskinla,OlavisWakeHex,58,WARDENS,1088.598219,2082.550916
Kulkue,Kulkue,OlavisWakeHex,57,WARDENS,1425.958753,2438.662612
Kuoppa,Kuoppa,GutterHex,58,WARDENS,2644.495278,2195.880481
Lachesis' Tally,Lachesis' Tally,UmbralWildwoodHex,45,COLONIALS,6207.390179,4034.834635
Lamplight,Lamplight,BasinSionnachHex,45,WARDENS,6089.905408,510.584960
Lathair,Lathair,LinnMercyHex,45,COLONIALS,5333.373678,2512.933835
Latro Manor,Latro Manor,WrestaHex,58,COLONIALS,9139.156955,3803.099895
Legion Ranch,Legion Ranch,AcrithiaHex,58,COLONIALS,6896.678321,5299.329001
Leiri Hermanni,Leiri Hermanni,PalantineBermHex,45,WARDENS,2071.037116,2806.975459
Leto,Leto,GreatMarchHex,58,COLONIALS,5623.948533,4886.794779
Liar's Haven,Liar's Haven,TempestIslandHex,58,WARDENS,9131.459446,3225.177349
Liberation Point,Liberation Point,DeadLandsHex,58,COLONIALS,5628.935885,3132.421957
Light's End,Light's End,SableportHex,58,COLONIALS,4200.613283,4153.231444
Limestone Holdfast,Limestone Holdfast,ReachingTrailHex,45,WARDENS,5692.974687,1051.280608
Limewood Holdfast,Limewood Holdfast,ShackledChasmHex,45,COLONIALS,6626.053425,4421.273537
Lionsfort,Lionsfort,GreatMarchHex,45,COLONIALS,6073.764233,4573.504655
Lipsia,Lipsia,GodcroftsHex,45,COLONIALS,9175.639427,2421.882793
Little Lamb,Little Lamb,HowlCountyHex,58,WARDENS,6737.953555,1149.749001
Little Raakkua,Little Raakkua,PariPeakHex,58,WARDENS,2119.814476,1696.187011
Lividus,Lividus,MorgensCrossingHex,58,WARDENS,8299.419881,1808.097974
Lochan Berth,Lochan Berth,CallahansPassageHex,56,WARDENS,5960.867382,2158.209361
Lockheed,Lockheed,MarbanHollow,58,COLONIALS,6787.824501,2990.581884
Loggerhead,Loggerhead,DrownedValeHex,58,COLONIALS,6580.893897,3313.676927
Longstone,Longstone,WestgateHex,58,COLONIALS,3720.526139,3735.722572
Lookout,Lookout,CallumsCapeHex,45,WARDENS,4589.203591,1558.069171
Lord's Mouth,Lord's Mouth,WestgateHex,58,COLONIALS,3895.441897,3497.144935
Lost Greensward,Lost Greensward,KalokaiHex,45,COLONIALS,5943.883903,6098.545227
Lost Kaivo,Lost Kaivo,GutterHex,45,WARDENS,2831.600524,2316.223134
Lost Partition,Lost Partition,WestgateHex,45,COLONIALS,3883.138973,3615.300838
Luch's Workshop,Luch's Workshop,MooringCountyHex,58,WARDENS,5326.903472,1534.352864
Lugria,Lugria,TyrantFoothillsHex,58,COLONIALS,9710.056956,4290.789364
Lumia,Lumia,KuuraStrandHex,45,WARDENS,2716.280851,1382.998728
MacConmara Barrows,MacConmara Barrows,MooringCountyHex,58,WARDENS,5197.537009,2026.782293
Macha's Keening,Macha's Keening,FarranacCoastHex,57,WARDENS,3775.534850,2892.283353
Maenalius Cove,Maenalius Cove,PipersEnclaveHex,45,COLONIALS,10264.907333,4084.938955
Maiden's Veil,Maiden's Veil,MarbanHollow,58,COLONIALS,6677.378094,2700.366566
Mara,Mara,FarranacCoastHex,58,WARDENS,3918.185791,2653.701239
Market Road,Market Road,LochMorHex,45,COLONIALS,4825.306674,3566.402645
Martti,Martti,KuuraStrandHex,58,WARDENS,2691.914442,1593.594456
Menneen,Menneen,KuuraStrandHex,45,WARDENS,2594.998894,1345.856834
Mercy's Wail,Mercy's Wail,AllodsBightHex,58,COLONIALS,7416.071963,4077.100763
Mercy's Wish,Mercy's Wish,LochMorHex,58,COLONIALS,5075.674882,3249.649272
Minos,Minos,RedRiverHex,58,COLONIALS,4994.915611,5305.660719
Mistle Shrine,Mistle Shrine,NevishLineHex,58,WARDENS,3864.531329,1722.730695
Moltworth,Moltworth,ViperPitHex,58,WARDENS,6773.350007,1949.084250
Moon's Copse,Moon's Copse,LochMorHex,45,COLONIALS,5367.039189,3567.449122
Morrighan's Grave,Morrighan's Grave,MooringCountyHex,58,WARDENS,5333.832094,1863.356226
Mousetrap,Mousetrap,ReachingTrailHex,58,WARDENS,6207.570022,1370.594620
Mox,Mox,MarbanHollow,45,WARDENS,6873.515250,2383.668885
Myrmidon's Stay,Myrmidon's Stay,GreatMarchHex,58,COLONIALS,5987.936317,4662.620571
Mārudia,Mārudia,LykosIsleHex,45,COLONIALS,9510.199799,2922.654438
Naofa,Naofa,CallumsCapeHex,45,WARDENS,4019.696127,1334.463543
Necropolis,Necropolis,WeatheredExpanseHex,45,WARDENS,7281.546246,2376.611853
Nereid Keep,Nereid Keep,AcrithiaHex,45,COLONIALS,6855.717474,5436.711887
Night's Regret,Night's Regret,KalokaiHex,45,COLONIALS,5619.697001,5750.819552
Nightchurch,Nightchurch,ReachingTrailHex,58,WARDENS,5770.056407,1532.154873
Northern Sky Hold,Northern Sky Hold,TyrantFoothillsHex,45,COLONIALS,9859.477344,4222.207745
Oceanwatch,Oceanwatch,FishermansRowHex,45,WARDENS,2789.601383,2802.603670
Ogmaran,Ogmaran,MooringCountyHex,58,WARDENS,5056.140410,1507.507044
Oleander Homestead,Oleander Homestead,HeartlandsHex,58,COLONIALS,5427.003674,4434.349496
Onioncap,Onioncap,TyrantFoothillsHex,45,COLONIALS,10031.408075,4463.353741
Oster Wall,Oster Wall,MarbanHollow,45,WARDENS,6939.385436,2641.325455
Outwich Ranch,Outwich Ranch,LinnMercyHex,58,COLONIALS,5437.559869,2654.279116
Overlook Hill,Overlook Hill,CallahansPassageHex,56,COLONIALS,5913.349960,2305.794443
Pan's Villa,Pan's Villa,PipersEnclaveHex,58,COLONIALS,10689.307816,4021.323391
Pariah,Pariah,PariPeakHex,58,WARDENS,2227.120808,1944.846711
Partisan Island,Partisan Island,OarbreakerHex,45,WARDENS,2271.329862,3684.512007
Patridia,Patridia,AcrithiaHex,58,COLONIALS,6556.141253,5418.341071
Penance,Penance,RedRiverHex,58,COLONIALS,5122.652577,5053.515198
Peripti Landing,Peripti Landing,FishermansRowHex,45,WARDENS,2622.456541,3071.105702
Plana Fada,Plana Fada,TempestIslandHex,58,WARDENS,8805.548716,3380.581277
Plankhouse,Plankhouse,TheFingersHex,45,COLONIALS,9578.319692,3650.337802
Pleading Wharf,Pleading Wharf,FarranacCoastHex,45,WARDENS,3704.593730,2841.340906
Port of Rime,Port of Rime,StlicanShelfHex,58,WARDENS,8353.802476,2512.272293
Posterus,Posterus,OarbreakerHex,45,WARDENS,2113.935897,3790.793487
Princefal,Princefal,NevishLineHex,45,WARDENS,3639.601430,1792.239653
Proexí,Proexí,HeartlandsHex,58,COLONIALS,5262.155501,4713.295586
Protos,Protos,GodcroftsHex,45,WARDENS,8767.007319,2158.568734
Quietus,Quietus,MorgensCrossingHex,58,WARDENS,7998.042167,1663.069985
Rancher's Fast,Rancher's Fast,WestgateHex,45,WARDENS,3760.183035,3291.273000
Ratchet,Ratchet,WrestaHex,45,COLONIALS,9246.258695,4005.176585
Reaching River,Reaching River,MooringCountyHex,45,WARDENS,4862.493360,1589.116462
Reedhurst,Reedhurst,PipersEnclaveHex,45,COLONIALS,10477.499179,3955.119648
Reef,Reef,TempestIslandHex,45,WARDENS,9154.097119,2948.940707
Reflection,Reflection,ShackledChasmHex,58,COLONIALS,6402.714368,4527.059342
Remnant Villa,Remnant Villa,GreatMarchHex,58,COLONIALS,5938.205516,4834.887306
Reprieve,Reprieve,ReachingTrailHex,58,WARDENS,5928.582922,1477.771848
Rikki Sarana,Rikki Sarana,GutterHex,45,WARDENS,2587.181919,2039.170177
Rotdust,Rotdust,LinnMercyHex,57,WARDENS,5200.457212,2381.636893
Rotko Camp,Rotko Camp,GutterHex,45,WARDENS,2692.887723,1936.087193
Rumhold,Rumhold,AllodsBightHex,45,COLONIALS,7196.557799,3788.491474
Saegio,Saegio,GodcroftsHex,45,WARDENS,9017.157689,2198.200591
Salaoja Road,Salaoja Road,GutterHex,45,WARDENS,2526.613156,2250.870059
Saltbrook Channel,Saltbrook Channel,EndlessShoreHex,57,WARDENS,8007.827194,3457.110227
Sanctum,Sanctum,MarbanHollow,45,COLONIALS,6397.361357,2475.082902
Savages,Savages,ShackledChasmHex,58,COLONIALS,6570.476329,4184.697549
Scallyhold,Scallyhold,WrestaHex,58,COLONIALS,8817.274249,4211.156358
Scarlethold,Scarlethold,KingsCageHex,45,COLONIALS,4241.354701,3343.004671
Scarp of Ambrose,Scarp of Ambrose,FarranacCoastHex,45,WARDENS,3561.518175,2567.195632
Scouts Jest,Scouts Jest,CallumsCapeHex,45,WARDENS,4102.528897,1535.074982
Scrapegrace,Scrapegrace,TyrantFoothillsHex,45,COLONIALS,9827.913990,4713.017575
Scurvyshire,Scurvyshire,AllodsBightHex,58,COLONIALS,7304.422379,3759.427517
Scuttletown,Scuttletown,ReaversPassHex,58,COLONIALS,7983.997121,4405.799195
Scythe,Scythe,FarranacCoastHex,45,WARDENS,3849.592984,2529.302086
Scáth Passing,Scáth Passing,CallahansPassageHex,45,COLONIALS,5698.466410,2268.529099
Second Man,Second Man,TheFingersHex,45,COLONIALS,9567.038406,3833.445906
Sentry,Sentry,UmbralWildwoodHex,58,COLONIALS,5789.951856,4261.795567
Serenity's Blight,Serenity's Blight,ViperPitHex,58,WARDENS,6602.441245,1656.366543
Sess,Sess,BasinSionnachHex,58,WARDENS,5629.829825,371.406160
Shattered Advance,Shattered Advance,WeatheredExpanseHex,45,WARDENS,7317.221487,2062.680006
Sickleshire,Sickleshire,HowlCountyHex,45,WARDENS,6838.893904,1011.564301
Silk Farms,Silk Farms,ShackledChasmHex,58,COLONIALS,6598.303045,4582.124325
Silver,Silver,OarbreakerHex,45,WARDENS,2038.598079,3590.046154
Simo's Run,Simo's Run,ShackledChasmHex,45,COLONIALS,6854.027138,4735.750386
Singing Serpents,Singing Serpents,DrownedValeHex,45,COLONIALS,6813.198672,3390.778336
Sitaria,Sitaria,GreatMarchHex,58,COLONIALS,5922.083512,4990.495499
Slipchain,Slipchain,KingsCageHex,45,WARDENS,4074.850841,3060.488033
Slipgate Outpost,Slipgate Outpost,HowlCountyHex,45,WARDENS,6565.295878,793.272892
Solas Gorge,Solas Gorge,CallahansPassageHex,58,WARDENS,5602.665089,2037.915710
Sootflow,Sootflow,AshFieldsHex,45,COLONIALS,4559.050531,5069.004758
Sotto Bank,Sotto Bank,SpeakingWoodsHex,58,WARDENS,5177.842205,923.964082
Sourtooth,Sourtooth,KalokaiHex,45,COLONIALS,6023.661253,5446.296609
Southblade,Southblade,KingsCageHex,45,COLONIALS,4432.892670,3373.374342
Spirit Watch,Spirit Watch,WeatheredExpanseHex,45,WARDENS,7567.538983,2401.791655
Splinter Pens,Splinter Pens,DrownedValeHex,45,COLONIALS,6629.169712,3798.946747
Stem,Stem,SpeakingWoodsHex,45,WARDENS,5019.805129,1061.639701
Stoic,Stoic,BasinSionnachHex,45,WARDENS,6228.728480,389.920156
Stray,Stray,UmbralWildwoodHex,58,COLONIALS,6055.045386,3738.423075
Sun's Hollow,Sun's Hollow,DeadLandsHex,45,COLONIALS,5663.186400,3303.509720
Suojus,Suojus,GutterHex,45,WARDENS,2910.679370,1975.557521
Suosalo,Suosalo,KuuraStrandHex,58,WARDENS,2793.146533,1225.489657
Surge Gate,Surge Gate,TempestIslandHex,58,WARDENS,8867.758432,3057.719870
Sweethearth,Sweethearth,KalokaiHex,58,COLONIALS,6033.642224,5539.226226
Sweetholt,Sweetholt,ClansheadValleyHex,45,WARDENS,7688.335363,1206.791011
Swordfort,Swordfort,AcrithiaHex,45,COLONIALS,6439.984259,5159.228180
Syrinx Pass,Syrinx Pass,PipersEnclaveHex,58,COLONIALS,10405.833288,4223.410538
Sídhe Fall,Sídhe Fall,EndlessShoreHex,45,WARDENS,8194.639237,3385.166229
Talonsfort,Talonsfort,SableportHex,45,COLONIALS,4220.110157,3700.446755
Talven,Talven,KuuraStrandHex,45,WARDENS,3045.157003,1237.284231
Teichotima,Teichotima,OriginHex,58,COLONIALS,3415.297749,4668.982042
Teller Farm,Teller Farm,HowlCountyHex,58,WARDENS,6562.418672,1006.385314
Terra,Terra,FarranacCoastHex,45,WARDENS,3689.795301,2586.150779
Tethys Base,Tethys Base,TheFingersHex,45,COLONIALS,9812.582580,3581.919199
The Ark,The Ark,ReachingTrailHex,45,WARDENS,6116.030181,1381.098397
The Ashfort,The Ashfort,AshFieldsHex,45,COLONIALS,4593.990300,4822.403798
The Axehead,The Axehead,GodcroftsHex,58,WARDENS,8737.921663,2300.525541
The Bailie,The Bailie,KingsCageHex,57,WARDENS,4315.500335,2855.364695
The Baths,The Baths,DrownedValeHex,58,COLONIALS,6697.031305,3575.046719
The Bell Toll,The Bell Toll,ShackledChasmHex,45,COLONIALS,6772.360540,4344.817592
The Bilge,The Bilge,ReaversPassHex,45,COLONIALS,8208.077160,4141.923247
The Blemish,The Blemish,HeartlandsHex,58,COLONIALS,5215.242027,4407.768845
The Bone Haft,The Bone Haft,FarranacCoastHex,58,WARDENS,3584.944906,2439.593849
The Breach,The Breach,HeartlandsHex,58,COLONIALS,4987.813985,4256.346003
The Brinehold,The Brinehold,AcrithiaHex,45,COLONIALS,6652.117783,5330.377435
The Brink,The Brink,OnyxHex,58,COLONIALS,8998.118846,4929.638899
The Calamity,The Calamity,AshFieldsHex,45,COLONIALS,4135.317144,4841.525106
The Conclave,The Conclave,OarbreakerHex,58,WARDENS,2138.292339,3311.687777
The Cord,The Cord,StonecradleHex,45,WARDENS,4402.214908,2383.110827
The Crimson Gardens,The Crimson Gardens,LinnMercyHex,58,COLONIALS,4867.169987,2770.003583
The Crumbling Passage,The Crumbling Passage,CallahansPassageHex,45,COLONIALS,5839.080725,2439.602361
The Cut,The Cut,MooringCountyHex,58,WARDENS,4886.670675,1973.580387
The Dais,The Dais,StonecradleHex,45,WARDENS,4440.532439,1895.427225
The Den,The Den,BasinSionnachHex,58,WARDENS,5811.841923,459.038926
The Dirk,The Dirk,OarbreakerHex,45,WARDENS,1884.149791,3711.123629
The Droll,The Droll,PalantineBermHex,57,WARDENS,2115.510056,2644.785305
The Evil Eye,The Evil Eye,EndlessShoreHex,45,WARDENS,8389.370565,3515.734933
The Filament,The Filament,SpeakingWoodsHex,58,WARDENS,4937.361871,867.403229
The First Coin,The First Coin,LinnMercyHex,58,COLONIALS,5041.009682,2831.616394
The Flair,The Flair,StemaLandingHex,45,WARDENS,2654.921419,3771.697456
The Foundry,The Foundry,UmbralWildwoodHex,58,COLONIALS,5676.413109,3771.053928
The Friars,The Friars,ViperPitHex,45,WARDENS,6438.953388,2038.704166
The Gale,The Gale,TempestIslandHex,45,WARDENS,9012.532359,3283.328194
The Gallows,The Gallows,WestgateHex,57,WARDENS,3457.866840,3227.603296
The Grave of Erastos,The Grave of Erastos,ShackledChasmHex,58,COLONIALS,6801.207783,4148.703215
The Heir's Knife,The Heir's Knife,StonecradleHex,45,WARDENS,4141.394248,2448.379289
The Iris,The Iris,TempestIslandHex,58,WARDENS,9074.835689,3080.946533
The Jade Cove,The Jade Cove,FarranacCoastHex,58,WARDENS,3524.996946,2782.138380
The King,The King,ClansheadValleyHex,58,WARDENS,7481.155108,1237.520357
The Last Grove,The Last Grove,LinnMercyHex,45,COLONIALS,5007.449844,2974.574452
The Latch,The Latch,CallahansPassageHex,56,COLONIALS,6105.426317,2358.457727
The Long Fast,The Long Fast,StonecradleHex,45,WARDENS,4274.196439,2538.658761
The Long Whine,The Long Whine,LinnMercyHex,56,WARDENS,4988.623929,2428.203213
The Manacle,The Manacle,KingsCageHex,56,WARDENS,4239.336182,3079.539777
The Old Captain,The Old Captain,TheFingersHex,58,COLONIALS,10041.163973,3606.896281
The Old Jack Tar,The Old Jack Tar,EndlessShoreHex,45,WARDENS,7890.600722,3480.627188
The Old Mourn,The Old Mourn,StlicanShelfHex,45,WARDENS,7992.928322,2871.994993
The Overland,The Overland,EndlessShoreHex,45,COLONIALS,8265.519264,3798.278932
The Pale House,The Pale House,StlicanShelfHex,58,WARDENS,7899.274802,2616.285941
The Parras,The Parras,GutterHex,58,WARDENS,2970.562129,2149.795474
The Pendant,The Pendant,SableportHex,45,COLONIALS,4554.372350,3862.087585
The Pike,The Pike,ClansheadValleyHex,58,WARDENS,7487.321879,1593.538960
The Pippeli Stones,The Pippeli Stones,PalantineBermHex,45,WARDENS,2306.605859,2567.464444
The Pits,The Pits,DeadLandsHex,45,COLONIALS,5853.204530,3204.217823
The Plough,The Plough,HeartlandsHex,45,COLONIALS,5165.783421,4239.123049
The Prairie Bazaar,The Prairie Bazaar,LinnMercyHex,58,COLONIALS,5230.393123,2860.967259
The Procession,The Procession,CallahansPassageHex,45,COLONIALS,6124.195283,2170.073099
The Reach,The Reach,StonecradleHex,45,WARDENS,4542.049755,1980.791988
The Robin's Nest,The Robin's Nest,SableportHex,45,COLONIALS,4605.735023,4063.751833
The Roilfort,The Roilfort,LochMorHex,45,COLONIALS,5199.676510,3763.224763
The Rush,The Rush,TempestIslandHex,58,WARDENS,8985.659998,2975.915598
The Salt Farms,The Salt Farms,DeadLandsHex,58,COLONIALS,5879.803555,3393.912962
The Salt March,The Salt March,DeadLandsHex,45,COLONIALS,6210.793443,3097.973801
The Saltcaps,The Saltcaps,DrownedValeHex,57,COLONIALS,6779.561103,3281.159860
The Satyr Stone,The Satyr Stone,FishermansRowHex,45,WARDENS,3001.209160,3353.270427
The Scrying Belt,The Scrying Belt,NevishLineHex,58,WARDENS,3671.250523,1557.057138
The South Wind,The South Wind,StlicanShelfHex,45,WARDENS,8295.663940,2952.101712
The Spade,The Spade,MooringCountyHex,45,WARDENS,4880.507899,1726.377637
The Spearhead,The Spearhead,StemaLandingHex,58,WARDENS,2907.662914,3862.618307
The Spine,The Spine,DeadLandsHex,58,COLONIALS,5718.529389,2892.635570
The Spitrocks,The Spitrocks,MarbanHollow,45,COLONIALS,6521.810690,2861.502531
The Squall,The Squall,LykosIsleHex,45,COLONIALS,9641.798484,2337.391308
The Steel Road,The Steel Road,OriginHex,45,COLONIALS,3663.957627,4123.291744
The Stone Plank,The Stone Plank,AllodsBightHex,45,COLONIALS,7655.826104,3953.758037
The Swan,The Swan,GreatMarchHex,58,COLONIALS,5802.664641,5193.807163
The Treasury,The Treasury,ClahstraHex,58,WARDENS,7345.301651,3096.782273
The Turncoat,The Turncoat,AllodsBightHex,45,COLONIALS,7319.963440,4186.770617
The Vanguard,The Vanguard,ShackledChasmHex,58,COLONIALS,6838.639203,4540.560342
The Vault,The Vault,ClahstraHex,45,WARDENS,7303.581921,2907.513408
The Waif,The Waif,OnyxHex,45,COLONIALS,8678.967701,4959.232735
The Wane,The Wane,StemaLandingHex,45,WARDENS,2962.890489,4264.299713
The Wash,The Wash,DrownedValeHex,45,COLONIALS,6547.859428,3560.957909
The Weathering Halls,The Weathering Halls,WeatheredExpanseHex,58,WARDENS,7385.825194,1937.239417
The Whetstone,The Whetstone,SableportHex,45,COLONIALS,4186.255099,3966.738290
The Wind Hills,The Wind Hills,MooringCountyHex,45,WARDENS,5003.104999,2100.026842
Therizó,Therizó,TerminusHex,58,COLONIALS,7379.357683,5079.639413
Thetus Ring,Thetus Ring,AcrithiaHex,58,COLONIALS,6589.776505,5184.087513
Thimble Base,Thimble Base,ReaversPassHex,45,COLONIALS,8038.084458,4735.972027
Third Chapter,Third Chapter,ClahstraHex,58,WARDENS,7472.986464,2867.138134
Thornhold,Thornhold,StlicanShelfHex,45,WARDENS,7940.429359,2741.274939
Thunderbolt,Thunderbolt,TerminusHex,45,COLONIALS,7275.610812,4580.724514
Thunderfoot,Thunderfoot,UmbralWildwoodHex,58,COLONIALS,5725.079888,3999.498386
Tine,Tine,SpeakingWoodsHex,58,WARDENS,5234.810913,744.977550
Titancall,Titancall,TheFingersHex,45,COLONIALS,9763.635306,3803.530628
Toad's Plinth,Toad's Plinth,WrestaHex,45,COLONIALS,9093.313298,4259.260377
Tomb Father,Tomb Father,NevishLineHex,45,WARDENS,3502.890520,2078.999680
Tomb of the First,Tomb of the First,LochMorHex,45,COLONIALS,4901.808751,3317.200190
Trammel Pool,Trammel Pool,StonecradleHex,45,WARDENS,4608.838423,2188.261071
Transept,Transept,ClahstraHex,45,WARDENS,7238.938464,3299.945928
Transient Valley,Transient Valley,FarranacCoastHex,45,WARDENS,3729.203224,2376.038601
Tuatha Watchpost,Tuatha Watchpost,EndlessShoreHex,56,WARDENS,8524.158124,3576.154484
Ulster Falls,Ulster Falls,LinnMercyHex,58,COLONIALS,5087.264642,2624.705253
Underlook,Underlook,PalantineBermHex,45,WARDENS,1929.557557,2405.622936
Unruly,Unruly,NevishLineHex,45,WARDENS,3736.916636,1436.462858
Ursa Base,Ursa Base,GodcroftsHex,45,WARDENS,9114.972103,1997.273290
Ustio,Ustio,StemaLandingHex,45,WARDENS,2766.838987,4013.603936
Vagrant Bastion,Vagrant Bastion,UmbralWildwoodHex,45,COLONIALS,5895.845209,3719.501742
Vendett,Vendett,PalantineBermHex,57,WARDENS,1935.488780,2701.167963
Verge Wing,Verge Wing,StemaLandingHex,45,WARDENS,2520.644825,4016.385219
Vessel,Vessel,DrownedValeHex,58,COLONIALS,6534.498793,3719.090786
Victa,Victa,FarranacCoastHex,57,WARDENS,3521.054595,2968.225610
Victoria Hill,Victoria Hill,RedRiverHex,45,COLONIALS,5377.950501,5379.222085
Violethome,Violethome,GreatMarchHex,58,COLONIALS,5711.757982,4632.815583
Vulpine Watch,Vulpine Watch,StlicanShelfHex,58,WARDENS,8126.331560,2841.048687
Warlord's Stead,Warlord's Stead,TerminusHex,58,COLONIALS,7192.146519,4768.372040
Watchful Nave,Watchful Nave,ClahstraHex,58,COLONIALS,7311.282144,3406.795277
Weephome,Weephome,ClahstraHex,45,WARDENS,7645.096708,3013.764702
Wellchurch,Wellchurch,EndlessShoreHex,56,WARDENS,8205.541976,3523.322907
Westgate Keep,Westgate Keep,WestgateHex,45,COLONIALS,3662.520013,3603.757766
Westmarch,Westmarch,LochMorHex,45,COLONIALS,5242.723198,3270.952991
White Chapel,White Chapel,CallahansPassageHex,56,WARDENS,6118.943809,2020.006885
Wiccwalk,Wiccwalk,MooringCountyHex,45,WARDENS,5374.136349,2013.701374
Wightwalk,Wightwalk,WeatheredExpanseHex,58,WARDENS,7604.322591,2218.859606
Windburn Landing,Windburn Landing,PalantineBermHex,45,WARDENS,2174.488597,2400.282232
Winding Bolas,Winding Bolas,TerminusHex,45,COLONIALS,7685.401349,4706.991973
Wisp's Warning,Wisp's Warning,DrownedValeHex,45,COLONIALS,6497.470904,3384.537088
Woodbind,Woodbind,EndlessShoreHex,57,COLONIALS,8381.051188,3743.719680
World Star,World Star,OriginHex,45,COLONIALS,3712.543896,4669.526914
World's End,World's End,StonecradleHex,45,WARDENS,4084.095190,2265.868219
Wound,Wound,SpeakingWoodsHex,45,WARDENS,5483.712377,851.414963
Wyattwick,Wyattwick,WestgateHex,45,COLONIALS,3386.762504,3810.298652
Yöohja,Yöohja,OlavisWakeHex,45,WARDENS,1313.874371,2230.579199
Zeus' Demise,Zeus' Demise,WestgateHex,45,COLONIALS,3541.727175,3803.787995

Hex Centers: Global Coordinates
region,center_x,center_y
AcrithiaHex,6656.000000,5328.000000
AllodsBightHex,7424.000000,3996.000000
AshFieldsHex,4352.000000,4884.000000
BasinSionnachHex,5888.000000,444.000000
CallahansPassageHex,5888.000000,2220.000000
CallumsCapeHex,4352.000000,1332.000000
ClahstraHex,7424.000000,3108.000000
ClansheadValleyHex,7424.000000,1332.000000
DeadLandsHex,5888.000000,3108.000000
DrownedValeHex,6656.000000,3552.000000
EndlessShoreHex,8192.000000,3552.000000
FarranacCoastHex,3584.000000,2664.000000
FishermansRowHex,2816.000000,3108.000000
GodcroftsHex,8960.000000,2220.000000
GreatMarchHex,5888.000000,4884.000000
GutterHex,2816.000000,2220.000000
HeartlandsHex,5120.000000,4440.000000
HowlCountyHex,6656.000000,888.000000
KalokaiHex,5888.000000,5772.000000
KingsCageHex,4352.000000,3108.000000
KuuraStrandHex,2816.000000,1332.000000
LinnMercyHex,5120.000000,2664.000000
LochMorHex,5120.000000,3552.000000
LykosIsleHex,9728.000000,2664.000000
MarbanHollow,6656.000000,2664.000000
MooringCountyHex,5120.000000,1776.000000
MorgensCrossingHex,8192.000000,1776.000000
NevishLineHex,3584.000000,1776.000000
OarbreakerHex,2048.000000,3552.000000
OlavisWakeHex,1280.000000,2220.000000
OnyxHex,8960.000000,4884.000000
OriginHex,3584.000000,4440.000000
PalantineBermHex,2048.000000,2664.000000
PariPeakHex,2048.000000,1776.000000
PipersEnclaveHex,10496.000000,3996.000000
ReachingTrailHex,5888.000000,1332.000000
ReaversPassHex,8192.000000,4440.000000
RedRiverHex,5120.000000,5328.000000
SableportHex,4352.000000,3996.000000
ShackledChasmHex,6656.000000,4440.000000
SpeakingWoodsHex,5120.000000,888.000000
StemaLandingHex,2816.000000,3996.000000
StlicanShelfHex,8192.000000,2664.000000
StonecradleHex,4352.000000,2220.000000
TempestIslandHex,8960.000000,3108.000000
TerminusHex,7424.000000,4884.000000
TheFingersHex,9728.000000,3552.000000
TyrantFoothillsHex,9728.000000,4440.000000
UmbralWildwoodHex,5888.000000,3996.000000
ViperPitHex,6656.000000,1776.000000
WeatheredExpanseHex,7424.000000,2220.000000
WestgateHex,3584.000000,3552.000000
WrestaHex,8960.000000,3996.000000
